$ next build --turbopack
   ▲ Next.js 15.5.4 (Turbopack)
   - Environments: .env.local
   - Experiments (use with caution):
     ✓ optimizeCss
     · optimizePackageImports

   Creating an optimized production build ...
 ✓ Finished writing to disk in 742ms
 ✓ Compiled successfully in 20.3s
   Skipping validation of types
   Skipping linting
   Collecting page data ...
(node:93005) [DEP0040] DeprecationWarning: The `punycode` module is deprecated. Please use a userland alternative instead.
(Use `node --trace-deprecation ...` to show where the warning was created)
(node:93006) [DEP0040] DeprecationWarning: The `punycode` module is deprecated. Please use a userland alternative instead.
(Use `node --trace-deprecation ...` to show where the warning was created)
(node:92996) [DEP0040] DeprecationWarning: The `punycode` module is deprecated. Please use a userland alternative instead.
(Use `node --trace-deprecation ...` to show where the warning was created)
 ⚠ Using edge runtime on a page currently disables static generation for that page
   Generating static pages (0/28) ...
(node:93027) [DEP0040] DeprecationWarning: The `punycode` module is deprecated. Please use a userland alternative instead.
(Use `node --trace-deprecation ...` to show where the warning was created)
   Generating static pages (7/28) 
   Generating static pages (14/28) 
(node:93026) [DEP0040] DeprecationWarning: The `punycode` module is deprecated. Please use a userland alternative instead.
(Use `node --trace-deprecation ...` to show where the warning was created)
Error fetching sites for sitemap: TypeError: fetch failed
    at async g (.next/server/chunks/[root-of-the-server]__b662d7fa._.js:16:698)
    at async $ (.next/server/chunks/[root-of-the-server]__b662d7fa._.js:16:2053) {
  [cause]: [Error: getaddrinfo ENOTFOUND contextds.com] {
    errno: -3008,
    code: 'ENOTFOUND',
    syscall: 'getaddrinfo',
    hostname: 'contextds.com'
  }
}
   Generating static pages (21/28) 
🔍 RENDER CHECK: {
  viewMode: 'search',
  scanLoading: false,
  scanError: false,
  scanResult: false
}
 ✓ Generating static pages (28/28)
   Finalizing page optimization ...
   Collecting build traces ...

Route (app)                             Size  First Load JS  Revalidate  Expire
┌ ○ /                                67.9 kB         197 kB
├ ○ /_not-found                          0 B         129 kB
├ ƒ /api/analytics/event                 0 B            0 B
├ ƒ /api/analytics/pageview              0 B            0 B
├ ƒ /api/analytics/search                0 B            0 B
├ ƒ /api/community/sites                 0 B            0 B
├ ƒ /api/community/vote                  0 B            0 B
├ ƒ /api/cron/cleanup-css                0 B            0 B
├ ƒ /api/export                          0 B            0 B
├ ƒ /api/health/db                       0 B            0 B
├ ƒ /api/mcp/get-tokens                  0 B            0 B
├ ƒ /api/mcp/layout-profile              0 B            0 B
├ ƒ /api/mcp/scan-tokens                 0 B            0 B
├ ƒ /api/metrics                         0 B            0 B
├ ƒ /api/metrics/scans                   0 B            0 B
├ ƒ /api/metrics/stream                  0 B            0 B
├ ƒ /api/metrics/track                   0 B            0 B
├ ƒ /api/scan                            0 B            0 B
├ ƒ /api/scan/export-llm                 0 B            0 B
├ ƒ /api/scan/progress                   0 B            0 B
├ ƒ /api/scans/[scanId]/screenshots      0 B            0 B
├ ƒ /api/screenshot                      0 B            0 B
├ ƒ /api/search                          0 B            0 B
├ ƒ /api/stats                           0 B            0 B
├ ƒ /api/stats/realtime                  0 B            0 B
├ ƒ /api/versions/[domain]               0 B            0 B
├ ƒ /api/versions/compare                0 B            0 B
├ ○ /community                       8.03 kB         138 kB
├ ƒ /community/[domain]              12.7 kB         142 kB
├ ○ /metrics                         3.37 kB         133 kB
├ ○ /robots.txt                          0 B            0 B
├ ○ /scan                            60.6 kB         190 kB
├ ƒ /site/[domain]                   12.1 kB         142 kB
└ ○ /sitemap.xml                         0 B            0 B          1h      1y
+ First Load JS shared by all         163 kB
  ├ chunks/08a80330703eb498.js       58.9 kB
  ├ chunks/111e129d8d4ad56b.js       13.3 kB
  ├ chunks/7131aa10866cab73.js       17.2 kB
  ├ chunks/89fddfdfa358c307.js       21.6 kB
  ├ chunks/7a442d1e3565387a.css      32.8 kB
  └ other shared chunks (total)      19.2 kB


ƒ Middleware                         59.2 kB

○  (Static)   prerendered as static content
ƒ  (Dynamic)  server-rendered on demand

